// Jest Snapshot v1, https://goo.gl/fbAQLP

exports[`<Counter /> renders correctly 1`] = `
ShallowWrapper {
  Symbol(enzyme.__root__): [Circular],
  Symbol(enzyme.__unrendered__): <Counter
    handleFullCycle={[MockFunction]}
    handleStop={[MockFunction]}
    isStarted={false}
    ovulationActive={false}
    postOvulationActive={false}
    preOvulationActive={false}
    t={
      [MockFunction] {
        "calls": Array [
          Array [
            "Full Cycle",
          ],
          Array [
            "Description",
          ],
          Array [
            "Lab Explanation",
          ],
        ],
        "results": Array [
          Object {
            "isThrow": false,
            "value": undefined,
          },
          Object {
            "isThrow": false,
            "value": undefined,
          },
          Object {
            "isThrow": false,
            "value": undefined,
          },
        ],
      }
    }
    themeColor="#5050d2"
  />,
  Symbol(enzyme.__renderer__): Object {
    "batchedUpdates": [Function],
    "getNode": [Function],
    "render": [Function],
    "simulateError": [Function],
    "simulateEvent": [Function],
    "unmount": [Function],
  },
  Symbol(enzyme.__node__): Object {
    "instance": null,
    "key": undefined,
    "nodeType": "host",
    "props": Object {
      "children": Array [
        <div
          className="description-content"
        >
          <h2 />
          <p />
        </div>,
        <div
          className="clock-setter"
        >
          <Button
            className="btn-full-cycle"
            color="secondary"
            disabled={false}
            onClick={[MockFunction]}
            size="lg"
            style={
              Object {
                "backgroundColor": "#5050d2",
                "borderColor": "#5050d2",
              }
            }
            tag="button"
          />
          <hr
            className="separator-line"
          />
        </div>,
      ],
      "className": "counter-container",
    },
    "ref": null,
    "rendered": Array [
      Object {
        "instance": null,
        "key": undefined,
        "nodeType": "host",
        "props": Object {
          "children": Array [
            <h2 />,
            <p />,
          ],
          "className": "description-content",
        },
        "ref": null,
        "rendered": Array [
          Object {
            "instance": null,
            "key": undefined,
            "nodeType": "host",
            "props": Object {
              "children": undefined,
            },
            "ref": null,
            "rendered": null,
            "type": "h2",
          },
          Object {
            "instance": null,
            "key": undefined,
            "nodeType": "host",
            "props": Object {
              "children": undefined,
            },
            "ref": null,
            "rendered": null,
            "type": "p",
          },
        ],
        "type": "div",
      },
      Object {
        "instance": null,
        "key": undefined,
        "nodeType": "host",
        "props": Object {
          "children": Array [
            <Button
              className="btn-full-cycle"
              color="secondary"
              disabled={false}
              onClick={[MockFunction]}
              size="lg"
              style={
                Object {
                  "backgroundColor": "#5050d2",
                  "borderColor": "#5050d2",
                }
              }
              tag="button"
            />,
            <hr
              className="separator-line"
            />,
          ],
          "className": "clock-setter",
        },
        "ref": null,
        "rendered": Array [
          Object {
            "instance": null,
            "key": undefined,
            "nodeType": "class",
            "props": Object {
              "children": undefined,
              "className": "btn-full-cycle",
              "color": "secondary",
              "disabled": false,
              "onClick": [MockFunction],
              "size": "lg",
              "style": Object {
                "backgroundColor": "#5050d2",
                "borderColor": "#5050d2",
              },
              "tag": "button",
            },
            "ref": null,
            "rendered": null,
            "type": [Function],
          },
          Object {
            "instance": null,
            "key": undefined,
            "nodeType": "host",
            "props": Object {
              "className": "separator-line",
            },
            "ref": null,
            "rendered": null,
            "type": "hr",
          },
        ],
        "type": "div",
      },
    ],
    "type": "div",
  },
  Symbol(enzyme.__nodes__): Array [
    Object {
      "instance": null,
      "key": undefined,
      "nodeType": "host",
      "props": Object {
        "children": Array [
          <div
            className="description-content"
          >
            <h2 />
            <p />
          </div>,
          <div
            className="clock-setter"
          >
            <Button
              className="btn-full-cycle"
              color="secondary"
              disabled={false}
              onClick={[MockFunction]}
              size="lg"
              style={
                Object {
                  "backgroundColor": "#5050d2",
                  "borderColor": "#5050d2",
                }
              }
              tag="button"
            />
            <hr
              className="separator-line"
            />
          </div>,
        ],
        "className": "counter-container",
      },
      "ref": null,
      "rendered": Array [
        Object {
          "instance": null,
          "key": undefined,
          "nodeType": "host",
          "props": Object {
            "children": Array [
              <h2 />,
              <p />,
            ],
            "className": "description-content",
          },
          "ref": null,
          "rendered": Array [
            Object {
              "instance": null,
              "key": undefined,
              "nodeType": "host",
              "props": Object {
                "children": undefined,
              },
              "ref": null,
              "rendered": null,
              "type": "h2",
            },
            Object {
              "instance": null,
              "key": undefined,
              "nodeType": "host",
              "props": Object {
                "children": undefined,
              },
              "ref": null,
              "rendered": null,
              "type": "p",
            },
          ],
          "type": "div",
        },
        Object {
          "instance": null,
          "key": undefined,
          "nodeType": "host",
          "props": Object {
            "children": Array [
              <Button
                className="btn-full-cycle"
                color="secondary"
                disabled={false}
                onClick={[MockFunction]}
                size="lg"
                style={
                  Object {
                    "backgroundColor": "#5050d2",
                    "borderColor": "#5050d2",
                  }
                }
                tag="button"
              />,
              <hr
                className="separator-line"
              />,
            ],
            "className": "clock-setter",
          },
          "ref": null,
          "rendered": Array [
            Object {
              "instance": null,
              "key": undefined,
              "nodeType": "class",
              "props": Object {
                "children": undefined,
                "className": "btn-full-cycle",
                "color": "secondary",
                "disabled": false,
                "onClick": [MockFunction],
                "size": "lg",
                "style": Object {
                  "backgroundColor": "#5050d2",
                  "borderColor": "#5050d2",
                },
                "tag": "button",
              },
              "ref": null,
              "rendered": null,
              "type": [Function],
            },
            Object {
              "instance": null,
              "key": undefined,
              "nodeType": "host",
              "props": Object {
                "className": "separator-line",
              },
              "ref": null,
              "rendered": null,
              "type": "hr",
            },
          ],
          "type": "div",
        },
      ],
      "type": "div",
    },
  ],
  Symbol(enzyme.__options__): Object {
    "adapter": ReactSixteenAdapter {
      "options": Object {
        "enableComponentDidUpdateOnSetState": true,
        "lifecycles": Object {
          "componentDidUpdate": Object {
            "onSetState": true,
          },
          "getDerivedStateFromProps": true,
          "getSnapshotBeforeUpdate": true,
          "setState": Object {
            "skipsComponentDidUpdateOnNullish": true,
          },
        },
      },
    },
  },
}
`;
