// Jest Snapshot v1, https://goo.gl/fbAQLP

exports[`<Hormones /> renders correctly 1`] = `
ShallowWrapper {
  Symbol(enzyme.__root__): [Circular],
  Symbol(enzyme.__unrendered__): <Hormones
    classes={Object {}}
    ovulation={false}
    postOvulation={false}
    preOvulation={false}
    secreteLhFsh={false}
    secreteOestro={false}
    secreteProgest={false}
    t={
      [MockFunction] {
        "calls": Array [
          Array [
            "LH",
          ],
          Array [
            "FSH",
          ],
          Array [
            "Oestrogens",
          ],
          Array [
            "Progesterones",
          ],
        ],
        "results": Array [
          Object {
            "isThrow": false,
            "value": undefined,
          },
          Object {
            "isThrow": false,
            "value": undefined,
          },
          Object {
            "isThrow": false,
            "value": undefined,
          },
          Object {
            "isThrow": false,
            "value": undefined,
          },
        ],
      }
    }
  />,
  Symbol(enzyme.__renderer__): Object {
    "batchedUpdates": [Function],
    "getNode": [Function],
    "render": [Function],
    "simulateError": [Function],
    "simulateEvent": [Function],
    "unmount": [Function],
  },
  Symbol(enzyme.__node__): Object {
    "instance": null,
    "key": undefined,
    "nodeType": "host",
    "props": Object {
      "children": <WithStyles(Grid)
        container={true}
        spacing={16}
      >
        <WithStyles(Grid)
          item={true}
          md={6}
          xs={12}
        >
          <div>
            <WithStyles(List)
              dense={false}
            >
              <WithStyles(ListItem)>
                <WithStyles(ListItemIcon)>
                  <pure(FiberManualRecordIcon) />
                </WithStyles(ListItemIcon)>
                <WithStyles(ListItemText)
                  className=" lh-name"
                  secondary="undefined"
                />
              </WithStyles(ListItem)>
              <WithStyles(ListItem)>
                <WithStyles(ListItemIcon)>
                  <pure(FiberManualRecordIcon) />
                </WithStyles(ListItemIcon)>
                <WithStyles(ListItemText)
                  className=" fsh-name"
                  secondary="undefined"
                />
              </WithStyles(ListItem)>
              <WithStyles(ListItem)>
                <WithStyles(ListItemIcon)>
                  <pure(FiberManualRecordIcon) />
                </WithStyles(ListItemIcon)>
                <WithStyles(ListItemText)
                  className=" oestro-name"
                  secondary="undefined"
                />
              </WithStyles(ListItem)>
              <WithStyles(ListItem)>
                <WithStyles(ListItemIcon)>
                  <pure(FiberManualRecordIcon) />
                </WithStyles(ListItemIcon)>
                <WithStyles(ListItemText)
                  className=" progest-name"
                  secondary="undefined"
                />
              </WithStyles(ListItem)>
            </WithStyles(List)>
          </div>
        </WithStyles(Grid)>
      </WithStyles(Grid)>,
      "className": undefined,
    },
    "ref": null,
    "rendered": Object {
      "instance": null,
      "key": undefined,
      "nodeType": "class",
      "props": Object {
        "children": <WithStyles(Grid)
          item={true}
          md={6}
          xs={12}
        >
          <div>
            <WithStyles(List)
              dense={false}
            >
              <WithStyles(ListItem)>
                <WithStyles(ListItemIcon)>
                  <pure(FiberManualRecordIcon) />
                </WithStyles(ListItemIcon)>
                <WithStyles(ListItemText)
                  className=" lh-name"
                  secondary="undefined"
                />
              </WithStyles(ListItem)>
              <WithStyles(ListItem)>
                <WithStyles(ListItemIcon)>
                  <pure(FiberManualRecordIcon) />
                </WithStyles(ListItemIcon)>
                <WithStyles(ListItemText)
                  className=" fsh-name"
                  secondary="undefined"
                />
              </WithStyles(ListItem)>
              <WithStyles(ListItem)>
                <WithStyles(ListItemIcon)>
                  <pure(FiberManualRecordIcon) />
                </WithStyles(ListItemIcon)>
                <WithStyles(ListItemText)
                  className=" oestro-name"
                  secondary="undefined"
                />
              </WithStyles(ListItem)>
              <WithStyles(ListItem)>
                <WithStyles(ListItemIcon)>
                  <pure(FiberManualRecordIcon) />
                </WithStyles(ListItemIcon)>
                <WithStyles(ListItemText)
                  className=" progest-name"
                  secondary="undefined"
                />
              </WithStyles(ListItem)>
            </WithStyles(List)>
          </div>
        </WithStyles(Grid)>,
        "container": true,
        "spacing": 16,
      },
      "ref": null,
      "rendered": Object {
        "instance": null,
        "key": undefined,
        "nodeType": "class",
        "props": Object {
          "children": <div>
            <WithStyles(List)
              dense={false}
            >
              <WithStyles(ListItem)>
                <WithStyles(ListItemIcon)>
                  <pure(FiberManualRecordIcon) />
                </WithStyles(ListItemIcon)>
                <WithStyles(ListItemText)
                  className=" lh-name"
                  secondary="undefined"
                />
              </WithStyles(ListItem)>
              <WithStyles(ListItem)>
                <WithStyles(ListItemIcon)>
                  <pure(FiberManualRecordIcon) />
                </WithStyles(ListItemIcon)>
                <WithStyles(ListItemText)
                  className=" fsh-name"
                  secondary="undefined"
                />
              </WithStyles(ListItem)>
              <WithStyles(ListItem)>
                <WithStyles(ListItemIcon)>
                  <pure(FiberManualRecordIcon) />
                </WithStyles(ListItemIcon)>
                <WithStyles(ListItemText)
                  className=" oestro-name"
                  secondary="undefined"
                />
              </WithStyles(ListItem)>
              <WithStyles(ListItem)>
                <WithStyles(ListItemIcon)>
                  <pure(FiberManualRecordIcon) />
                </WithStyles(ListItemIcon)>
                <WithStyles(ListItemText)
                  className=" progest-name"
                  secondary="undefined"
                />
              </WithStyles(ListItem)>
            </WithStyles(List)>
          </div>,
          "item": true,
          "md": 6,
          "xs": 12,
        },
        "ref": null,
        "rendered": Object {
          "instance": null,
          "key": undefined,
          "nodeType": "host",
          "props": Object {
            "children": <WithStyles(List)
              dense={false}
            >
              <WithStyles(ListItem)>
                <WithStyles(ListItemIcon)>
                  <pure(FiberManualRecordIcon) />
                </WithStyles(ListItemIcon)>
                <WithStyles(ListItemText)
                  className=" lh-name"
                  secondary="undefined"
                />
              </WithStyles(ListItem)>
              <WithStyles(ListItem)>
                <WithStyles(ListItemIcon)>
                  <pure(FiberManualRecordIcon) />
                </WithStyles(ListItemIcon)>
                <WithStyles(ListItemText)
                  className=" fsh-name"
                  secondary="undefined"
                />
              </WithStyles(ListItem)>
              <WithStyles(ListItem)>
                <WithStyles(ListItemIcon)>
                  <pure(FiberManualRecordIcon) />
                </WithStyles(ListItemIcon)>
                <WithStyles(ListItemText)
                  className=" oestro-name"
                  secondary="undefined"
                />
              </WithStyles(ListItem)>
              <WithStyles(ListItem)>
                <WithStyles(ListItemIcon)>
                  <pure(FiberManualRecordIcon) />
                </WithStyles(ListItemIcon)>
                <WithStyles(ListItemText)
                  className=" progest-name"
                  secondary="undefined"
                />
              </WithStyles(ListItem)>
            </WithStyles(List)>,
            "className": undefined,
          },
          "ref": null,
          "rendered": Object {
            "instance": null,
            "key": undefined,
            "nodeType": "class",
            "props": Object {
              "children": Array [
                <WithStyles(ListItem)>
                  <WithStyles(ListItemIcon)>
                    <pure(FiberManualRecordIcon) />
                  </WithStyles(ListItemIcon)>
                  <WithStyles(ListItemText)
                    className=" lh-name"
                    secondary="undefined"
                  />
                </WithStyles(ListItem)>,
                <WithStyles(ListItem)>
                  <WithStyles(ListItemIcon)>
                    <pure(FiberManualRecordIcon) />
                  </WithStyles(ListItemIcon)>
                  <WithStyles(ListItemText)
                    className=" fsh-name"
                    secondary="undefined"
                  />
                </WithStyles(ListItem)>,
                <WithStyles(ListItem)>
                  <WithStyles(ListItemIcon)>
                    <pure(FiberManualRecordIcon) />
                  </WithStyles(ListItemIcon)>
                  <WithStyles(ListItemText)
                    className=" oestro-name"
                    secondary="undefined"
                  />
                </WithStyles(ListItem)>,
                <WithStyles(ListItem)>
                  <WithStyles(ListItemIcon)>
                    <pure(FiberManualRecordIcon) />
                  </WithStyles(ListItemIcon)>
                  <WithStyles(ListItemText)
                    className=" progest-name"
                    secondary="undefined"
                  />
                </WithStyles(ListItem)>,
              ],
              "dense": false,
            },
            "ref": null,
            "rendered": Array [
              Object {
                "instance": null,
                "key": undefined,
                "nodeType": "class",
                "props": Object {
                  "children": Array [
                    <WithStyles(ListItemIcon)>
                      <pure(FiberManualRecordIcon) />
                    </WithStyles(ListItemIcon)>,
                    <WithStyles(ListItemText)
                      className=" lh-name"
                      secondary="undefined"
                    />,
                  ],
                },
                "ref": null,
                "rendered": Array [
                  Object {
                    "instance": null,
                    "key": undefined,
                    "nodeType": "class",
                    "props": Object {
                      "children": <pure(FiberManualRecordIcon) />,
                    },
                    "ref": null,
                    "rendered": Object {
                      "instance": null,
                      "key": undefined,
                      "nodeType": "class",
                      "props": Object {
                        "className": undefined,
                      },
                      "ref": null,
                      "rendered": null,
                      "type": [Function],
                    },
                    "type": [Function],
                  },
                  Object {
                    "instance": null,
                    "key": undefined,
                    "nodeType": "class",
                    "props": Object {
                      "className": " lh-name",
                      "secondary": "undefined",
                    },
                    "ref": null,
                    "rendered": null,
                    "type": [Function],
                  },
                ],
                "type": [Function],
              },
              Object {
                "instance": null,
                "key": undefined,
                "nodeType": "class",
                "props": Object {
                  "children": Array [
                    <WithStyles(ListItemIcon)>
                      <pure(FiberManualRecordIcon) />
                    </WithStyles(ListItemIcon)>,
                    <WithStyles(ListItemText)
                      className=" fsh-name"
                      secondary="undefined"
                    />,
                  ],
                },
                "ref": null,
                "rendered": Array [
                  Object {
                    "instance": null,
                    "key": undefined,
                    "nodeType": "class",
                    "props": Object {
                      "children": <pure(FiberManualRecordIcon) />,
                    },
                    "ref": null,
                    "rendered": Object {
                      "instance": null,
                      "key": undefined,
                      "nodeType": "class",
                      "props": Object {
                        "className": undefined,
                      },
                      "ref": null,
                      "rendered": null,
                      "type": [Function],
                    },
                    "type": [Function],
                  },
                  Object {
                    "instance": null,
                    "key": undefined,
                    "nodeType": "class",
                    "props": Object {
                      "className": " fsh-name",
                      "secondary": "undefined",
                    },
                    "ref": null,
                    "rendered": null,
                    "type": [Function],
                  },
                ],
                "type": [Function],
              },
              Object {
                "instance": null,
                "key": undefined,
                "nodeType": "class",
                "props": Object {
                  "children": Array [
                    <WithStyles(ListItemIcon)>
                      <pure(FiberManualRecordIcon) />
                    </WithStyles(ListItemIcon)>,
                    <WithStyles(ListItemText)
                      className=" oestro-name"
                      secondary="undefined"
                    />,
                  ],
                },
                "ref": null,
                "rendered": Array [
                  Object {
                    "instance": null,
                    "key": undefined,
                    "nodeType": "class",
                    "props": Object {
                      "children": <pure(FiberManualRecordIcon) />,
                    },
                    "ref": null,
                    "rendered": Object {
                      "instance": null,
                      "key": undefined,
                      "nodeType": "class",
                      "props": Object {
                        "className": undefined,
                      },
                      "ref": null,
                      "rendered": null,
                      "type": [Function],
                    },
                    "type": [Function],
                  },
                  Object {
                    "instance": null,
                    "key": undefined,
                    "nodeType": "class",
                    "props": Object {
                      "className": " oestro-name",
                      "secondary": "undefined",
                    },
                    "ref": null,
                    "rendered": null,
                    "type": [Function],
                  },
                ],
                "type": [Function],
              },
              Object {
                "instance": null,
                "key": undefined,
                "nodeType": "class",
                "props": Object {
                  "children": Array [
                    <WithStyles(ListItemIcon)>
                      <pure(FiberManualRecordIcon) />
                    </WithStyles(ListItemIcon)>,
                    <WithStyles(ListItemText)
                      className=" progest-name"
                      secondary="undefined"
                    />,
                  ],
                },
                "ref": null,
                "rendered": Array [
                  Object {
                    "instance": null,
                    "key": undefined,
                    "nodeType": "class",
                    "props": Object {
                      "children": <pure(FiberManualRecordIcon) />,
                    },
                    "ref": null,
                    "rendered": Object {
                      "instance": null,
                      "key": undefined,
                      "nodeType": "class",
                      "props": Object {
                        "className": undefined,
                      },
                      "ref": null,
                      "rendered": null,
                      "type": [Function],
                    },
                    "type": [Function],
                  },
                  Object {
                    "instance": null,
                    "key": undefined,
                    "nodeType": "class",
                    "props": Object {
                      "className": " progest-name",
                      "secondary": "undefined",
                    },
                    "ref": null,
                    "rendered": null,
                    "type": [Function],
                  },
                ],
                "type": [Function],
              },
            ],
            "type": [Function],
          },
          "type": "div",
        },
        "type": [Function],
      },
      "type": [Function],
    },
    "type": "div",
  },
  Symbol(enzyme.__nodes__): Array [
    Object {
      "instance": null,
      "key": undefined,
      "nodeType": "host",
      "props": Object {
        "children": <WithStyles(Grid)
          container={true}
          spacing={16}
        >
          <WithStyles(Grid)
            item={true}
            md={6}
            xs={12}
          >
            <div>
              <WithStyles(List)
                dense={false}
              >
                <WithStyles(ListItem)>
                  <WithStyles(ListItemIcon)>
                    <pure(FiberManualRecordIcon) />
                  </WithStyles(ListItemIcon)>
                  <WithStyles(ListItemText)
                    className=" lh-name"
                    secondary="undefined"
                  />
                </WithStyles(ListItem)>
                <WithStyles(ListItem)>
                  <WithStyles(ListItemIcon)>
                    <pure(FiberManualRecordIcon) />
                  </WithStyles(ListItemIcon)>
                  <WithStyles(ListItemText)
                    className=" fsh-name"
                    secondary="undefined"
                  />
                </WithStyles(ListItem)>
                <WithStyles(ListItem)>
                  <WithStyles(ListItemIcon)>
                    <pure(FiberManualRecordIcon) />
                  </WithStyles(ListItemIcon)>
                  <WithStyles(ListItemText)
                    className=" oestro-name"
                    secondary="undefined"
                  />
                </WithStyles(ListItem)>
                <WithStyles(ListItem)>
                  <WithStyles(ListItemIcon)>
                    <pure(FiberManualRecordIcon) />
                  </WithStyles(ListItemIcon)>
                  <WithStyles(ListItemText)
                    className=" progest-name"
                    secondary="undefined"
                  />
                </WithStyles(ListItem)>
              </WithStyles(List)>
            </div>
          </WithStyles(Grid)>
        </WithStyles(Grid)>,
        "className": undefined,
      },
      "ref": null,
      "rendered": Object {
        "instance": null,
        "key": undefined,
        "nodeType": "class",
        "props": Object {
          "children": <WithStyles(Grid)
            item={true}
            md={6}
            xs={12}
          >
            <div>
              <WithStyles(List)
                dense={false}
              >
                <WithStyles(ListItem)>
                  <WithStyles(ListItemIcon)>
                    <pure(FiberManualRecordIcon) />
                  </WithStyles(ListItemIcon)>
                  <WithStyles(ListItemText)
                    className=" lh-name"
                    secondary="undefined"
                  />
                </WithStyles(ListItem)>
                <WithStyles(ListItem)>
                  <WithStyles(ListItemIcon)>
                    <pure(FiberManualRecordIcon) />
                  </WithStyles(ListItemIcon)>
                  <WithStyles(ListItemText)
                    className=" fsh-name"
                    secondary="undefined"
                  />
                </WithStyles(ListItem)>
                <WithStyles(ListItem)>
                  <WithStyles(ListItemIcon)>
                    <pure(FiberManualRecordIcon) />
                  </WithStyles(ListItemIcon)>
                  <WithStyles(ListItemText)
                    className=" oestro-name"
                    secondary="undefined"
                  />
                </WithStyles(ListItem)>
                <WithStyles(ListItem)>
                  <WithStyles(ListItemIcon)>
                    <pure(FiberManualRecordIcon) />
                  </WithStyles(ListItemIcon)>
                  <WithStyles(ListItemText)
                    className=" progest-name"
                    secondary="undefined"
                  />
                </WithStyles(ListItem)>
              </WithStyles(List)>
            </div>
          </WithStyles(Grid)>,
          "container": true,
          "spacing": 16,
        },
        "ref": null,
        "rendered": Object {
          "instance": null,
          "key": undefined,
          "nodeType": "class",
          "props": Object {
            "children": <div>
              <WithStyles(List)
                dense={false}
              >
                <WithStyles(ListItem)>
                  <WithStyles(ListItemIcon)>
                    <pure(FiberManualRecordIcon) />
                  </WithStyles(ListItemIcon)>
                  <WithStyles(ListItemText)
                    className=" lh-name"
                    secondary="undefined"
                  />
                </WithStyles(ListItem)>
                <WithStyles(ListItem)>
                  <WithStyles(ListItemIcon)>
                    <pure(FiberManualRecordIcon) />
                  </WithStyles(ListItemIcon)>
                  <WithStyles(ListItemText)
                    className=" fsh-name"
                    secondary="undefined"
                  />
                </WithStyles(ListItem)>
                <WithStyles(ListItem)>
                  <WithStyles(ListItemIcon)>
                    <pure(FiberManualRecordIcon) />
                  </WithStyles(ListItemIcon)>
                  <WithStyles(ListItemText)
                    className=" oestro-name"
                    secondary="undefined"
                  />
                </WithStyles(ListItem)>
                <WithStyles(ListItem)>
                  <WithStyles(ListItemIcon)>
                    <pure(FiberManualRecordIcon) />
                  </WithStyles(ListItemIcon)>
                  <WithStyles(ListItemText)
                    className=" progest-name"
                    secondary="undefined"
                  />
                </WithStyles(ListItem)>
              </WithStyles(List)>
            </div>,
            "item": true,
            "md": 6,
            "xs": 12,
          },
          "ref": null,
          "rendered": Object {
            "instance": null,
            "key": undefined,
            "nodeType": "host",
            "props": Object {
              "children": <WithStyles(List)
                dense={false}
              >
                <WithStyles(ListItem)>
                  <WithStyles(ListItemIcon)>
                    <pure(FiberManualRecordIcon) />
                  </WithStyles(ListItemIcon)>
                  <WithStyles(ListItemText)
                    className=" lh-name"
                    secondary="undefined"
                  />
                </WithStyles(ListItem)>
                <WithStyles(ListItem)>
                  <WithStyles(ListItemIcon)>
                    <pure(FiberManualRecordIcon) />
                  </WithStyles(ListItemIcon)>
                  <WithStyles(ListItemText)
                    className=" fsh-name"
                    secondary="undefined"
                  />
                </WithStyles(ListItem)>
                <WithStyles(ListItem)>
                  <WithStyles(ListItemIcon)>
                    <pure(FiberManualRecordIcon) />
                  </WithStyles(ListItemIcon)>
                  <WithStyles(ListItemText)
                    className=" oestro-name"
                    secondary="undefined"
                  />
                </WithStyles(ListItem)>
                <WithStyles(ListItem)>
                  <WithStyles(ListItemIcon)>
                    <pure(FiberManualRecordIcon) />
                  </WithStyles(ListItemIcon)>
                  <WithStyles(ListItemText)
                    className=" progest-name"
                    secondary="undefined"
                  />
                </WithStyles(ListItem)>
              </WithStyles(List)>,
              "className": undefined,
            },
            "ref": null,
            "rendered": Object {
              "instance": null,
              "key": undefined,
              "nodeType": "class",
              "props": Object {
                "children": Array [
                  <WithStyles(ListItem)>
                    <WithStyles(ListItemIcon)>
                      <pure(FiberManualRecordIcon) />
                    </WithStyles(ListItemIcon)>
                    <WithStyles(ListItemText)
                      className=" lh-name"
                      secondary="undefined"
                    />
                  </WithStyles(ListItem)>,
                  <WithStyles(ListItem)>
                    <WithStyles(ListItemIcon)>
                      <pure(FiberManualRecordIcon) />
                    </WithStyles(ListItemIcon)>
                    <WithStyles(ListItemText)
                      className=" fsh-name"
                      secondary="undefined"
                    />
                  </WithStyles(ListItem)>,
                  <WithStyles(ListItem)>
                    <WithStyles(ListItemIcon)>
                      <pure(FiberManualRecordIcon) />
                    </WithStyles(ListItemIcon)>
                    <WithStyles(ListItemText)
                      className=" oestro-name"
                      secondary="undefined"
                    />
                  </WithStyles(ListItem)>,
                  <WithStyles(ListItem)>
                    <WithStyles(ListItemIcon)>
                      <pure(FiberManualRecordIcon) />
                    </WithStyles(ListItemIcon)>
                    <WithStyles(ListItemText)
                      className=" progest-name"
                      secondary="undefined"
                    />
                  </WithStyles(ListItem)>,
                ],
                "dense": false,
              },
              "ref": null,
              "rendered": Array [
                Object {
                  "instance": null,
                  "key": undefined,
                  "nodeType": "class",
                  "props": Object {
                    "children": Array [
                      <WithStyles(ListItemIcon)>
                        <pure(FiberManualRecordIcon) />
                      </WithStyles(ListItemIcon)>,
                      <WithStyles(ListItemText)
                        className=" lh-name"
                        secondary="undefined"
                      />,
                    ],
                  },
                  "ref": null,
                  "rendered": Array [
                    Object {
                      "instance": null,
                      "key": undefined,
                      "nodeType": "class",
                      "props": Object {
                        "children": <pure(FiberManualRecordIcon) />,
                      },
                      "ref": null,
                      "rendered": Object {
                        "instance": null,
                        "key": undefined,
                        "nodeType": "class",
                        "props": Object {
                          "className": undefined,
                        },
                        "ref": null,
                        "rendered": null,
                        "type": [Function],
                      },
                      "type": [Function],
                    },
                    Object {
                      "instance": null,
                      "key": undefined,
                      "nodeType": "class",
                      "props": Object {
                        "className": " lh-name",
                        "secondary": "undefined",
                      },
                      "ref": null,
                      "rendered": null,
                      "type": [Function],
                    },
                  ],
                  "type": [Function],
                },
                Object {
                  "instance": null,
                  "key": undefined,
                  "nodeType": "class",
                  "props": Object {
                    "children": Array [
                      <WithStyles(ListItemIcon)>
                        <pure(FiberManualRecordIcon) />
                      </WithStyles(ListItemIcon)>,
                      <WithStyles(ListItemText)
                        className=" fsh-name"
                        secondary="undefined"
                      />,
                    ],
                  },
                  "ref": null,
                  "rendered": Array [
                    Object {
                      "instance": null,
                      "key": undefined,
                      "nodeType": "class",
                      "props": Object {
                        "children": <pure(FiberManualRecordIcon) />,
                      },
                      "ref": null,
                      "rendered": Object {
                        "instance": null,
                        "key": undefined,
                        "nodeType": "class",
                        "props": Object {
                          "className": undefined,
                        },
                        "ref": null,
                        "rendered": null,
                        "type": [Function],
                      },
                      "type": [Function],
                    },
                    Object {
                      "instance": null,
                      "key": undefined,
                      "nodeType": "class",
                      "props": Object {
                        "className": " fsh-name",
                        "secondary": "undefined",
                      },
                      "ref": null,
                      "rendered": null,
                      "type": [Function],
                    },
                  ],
                  "type": [Function],
                },
                Object {
                  "instance": null,
                  "key": undefined,
                  "nodeType": "class",
                  "props": Object {
                    "children": Array [
                      <WithStyles(ListItemIcon)>
                        <pure(FiberManualRecordIcon) />
                      </WithStyles(ListItemIcon)>,
                      <WithStyles(ListItemText)
                        className=" oestro-name"
                        secondary="undefined"
                      />,
                    ],
                  },
                  "ref": null,
                  "rendered": Array [
                    Object {
                      "instance": null,
                      "key": undefined,
                      "nodeType": "class",
                      "props": Object {
                        "children": <pure(FiberManualRecordIcon) />,
                      },
                      "ref": null,
                      "rendered": Object {
                        "instance": null,
                        "key": undefined,
                        "nodeType": "class",
                        "props": Object {
                          "className": undefined,
                        },
                        "ref": null,
                        "rendered": null,
                        "type": [Function],
                      },
                      "type": [Function],
                    },
                    Object {
                      "instance": null,
                      "key": undefined,
                      "nodeType": "class",
                      "props": Object {
                        "className": " oestro-name",
                        "secondary": "undefined",
                      },
                      "ref": null,
                      "rendered": null,
                      "type": [Function],
                    },
                  ],
                  "type": [Function],
                },
                Object {
                  "instance": null,
                  "key": undefined,
                  "nodeType": "class",
                  "props": Object {
                    "children": Array [
                      <WithStyles(ListItemIcon)>
                        <pure(FiberManualRecordIcon) />
                      </WithStyles(ListItemIcon)>,
                      <WithStyles(ListItemText)
                        className=" progest-name"
                        secondary="undefined"
                      />,
                    ],
                  },
                  "ref": null,
                  "rendered": Array [
                    Object {
                      "instance": null,
                      "key": undefined,
                      "nodeType": "class",
                      "props": Object {
                        "children": <pure(FiberManualRecordIcon) />,
                      },
                      "ref": null,
                      "rendered": Object {
                        "instance": null,
                        "key": undefined,
                        "nodeType": "class",
                        "props": Object {
                          "className": undefined,
                        },
                        "ref": null,
                        "rendered": null,
                        "type": [Function],
                      },
                      "type": [Function],
                    },
                    Object {
                      "instance": null,
                      "key": undefined,
                      "nodeType": "class",
                      "props": Object {
                        "className": " progest-name",
                        "secondary": "undefined",
                      },
                      "ref": null,
                      "rendered": null,
                      "type": [Function],
                    },
                  ],
                  "type": [Function],
                },
              ],
              "type": [Function],
            },
            "type": "div",
          },
          "type": [Function],
        },
        "type": [Function],
      },
      "type": "div",
    },
  ],
  Symbol(enzyme.__options__): Object {
    "adapter": ReactSixteenAdapter {
      "options": Object {
        "enableComponentDidUpdateOnSetState": true,
        "lifecycles": Object {
          "componentDidUpdate": Object {
            "onSetState": true,
          },
          "getDerivedStateFromProps": true,
          "getSnapshotBeforeUpdate": true,
          "setState": Object {
            "skipsComponentDidUpdateOnNullish": true,
          },
        },
      },
    },
  },
}
`;
